[www.xwekta.cf/index.html]
[lh5.googleusercontent.com/unnamed.png]
[backblue.gif]
[fade.gif]
[index.html]
[ssl.gstatic.com/atari/images/simple-header-blended-small.png]
[ssl.gstatic.com/docs/common/cleardot.gif]
[apis.google.com/js/clientc932.js]
[www.xwekta.cf/home.html]
[lh5.googleusercontent.com/unnamed.jpg]
[www.xwekta.cf/contact-us.html]
[www.xwekta.cf/our-apps.html]
[www.xwekta.cf/privacy-policy.html]
[lh5.googleusercontent.com/unnamed-2.jpg]
[lh5.googleusercontent.com/unnamed-3.jpg]
[lh4.googleusercontent.com/unnamed.jpg]
[www.xwekta.cf/index.html]
[fonts.googleapis.com/css7b41.css]
[fonts.googleapis.com/csse3d2.css]
[www.gstatic.com/_/atari/_/ss/k=atari.vw.3C_x3g_LOak.L.X.O/d=1/rs=AGEqA5klU8OT2yI-aYtqFxJRJSZl9mPqXg.css]
[www.xwekta.cf/home.html]
[www.xwekta.cf/contact-us.html]
[lh6.googleusercontent.com/unnamed.jpg]
[lh6.googleusercontent.com/unnamed.png]
[lh5.googleusercontent.com/unnamed-4.jpg]
[lh6.googleusercontent.com/unnamed-2.png]
[lh5.googleusercontent.com/unnamed-5.jpg]
[lh3.googleusercontent.com/unnamed.png]
[lh6.googleusercontent.com/unnamed-3.png]
[lh4.googleusercontent.com/unnamed.png]
[lh3.googleusercontent.com/unnamed-2.png]
[lh6.googleusercontent.com/unnamed-4.png]
[www.xwekta.cf/our-apps.html]
[lh3.googleusercontent.com/unnamed-3.png]
[lh5.googleusercontent.com/unnamed-6.jpg]
[www.xwekta.cf/privacy-policy.html]
